../Core/Src/main.c:104:13:UART_Printf	144	static
../Core/Src/main.c:120:13:CAN_ConfigFilter	8	static
../Core/Src/main.c:147:6:HAL_CAN_RxFifo0MsgPendingCallback	24	static
../Core/Src/main.c:178:6:HAL_UART_RxCpltCallback	16	static
../Core/Src/main.c:214:13:Process_Command	64	static
../Core/Src/main.c:275:5:main	16	static
../Core/Src/main.c:356:6:SystemClock_Config	72	static
../Core/Src/main.c:395:13:MX_CAN_Init	8	static
../Core/Src/main.c:432:13:MX_USART1_UART_Init	8	static
../Core/Src/main.c:465:13:MX_GPIO_Init	40	static
../Core/Src/main.c:493:6:Error_Handler	4	static,ignoring_inline_asm
