../Core/Src/stm32f1xx_it.c:61:6:NMI_Handler	4	static
../Core/Src/stm32f1xx_it.c:74:6:HardFault_Handler	4	static
../Core/Src/stm32f1xx_it.c:89:6:MemManage_Handler	4	static
../Core/Src/stm32f1xx_it.c:104:6:BusFault_Handler	4	static
../Core/Src/stm32f1xx_it.c:119:6:UsageFault_Handler	4	static
../Core/Src/stm32f1xx_it.c:134:6:SVC_Handler	4	static
../Core/Src/stm32f1xx_it.c:147:6:DebugMon_Handler	4	static
../Core/Src/stm32f1xx_it.c:160:6:PendSV_Handler	4	static
../Core/Src/stm32f1xx_it.c:173:6:SysTick_Handler	8	static
../Core/Src/stm32f1xx_it.c:194:6:USART1_IRQHandler	8	static
../Core/Src/stm32f1xx_it.c:209:6:USB_LP_CAN1_RX0_IRQHandler	8	static
